------------------------------------------------------------
TimeQuest Timing Analyzer Summary
------------------------------------------------------------

Type  : Slow 1100mV 85C Model Setup 'comb_294|pll_adc_inst|altera_pll_i|general[0].gpll~PLL_OUTPUT_COUNTER|divclk'
Slack : 0.511
TNS   : 0.000

Type  : Slow 1100mV 85C Model Setup 'u0|pll_sys|altera_pll_i|general[0].gpll~PLL_OUTPUT_COUNTER|divclk'
Slack : 1.675
TNS   : 0.000

Type  : Slow 1100mV 85C Model Setup 'DE1_SoC_QSYS:u0|DE1_SoC_QSYS_hps_0:hps_0|DE1_SoC_QSYS_hps_0_hps_io:hps_io|DE1_SoC_QSYS_hps_0_hps_io_border:border|hps_sdram:hps_sdram_inst|hps_sdram_pll:pll|afi_clk_write_clk'
Slack : 1.760
TNS   : 0.000

Type  : Slow 1100mV 85C Model Setup 'u0|pll_sys|altera_pll_i|general[2].gpll~PLL_OUTPUT_COUNTER|divclk'
Slack : 7.615
TNS   : 0.000

Type  : Slow 1100mV 85C Model Setup 'i_CLOCK_50'
Slack : 11.583
TNS   : 0.000

Type  : Slow 1100mV 85C Model Setup 'u0|pll_sys|altera_pll_i|general[1].gpll~PLL_OUTPUT_COUNTER|divclk'
Slack : 12.173
TNS   : 0.000

Type  : Slow 1100mV 85C Model Hold 'comb_294|pll_adc_inst|altera_pll_i|general[0].gpll~PLL_OUTPUT_COUNTER|divclk'
Slack : -2.800
TNS   : -2.800

Type  : Slow 1100mV 85C Model Hold 'DE1_SoC_QSYS:u0|DE1_SoC_QSYS_hps_0:hps_0|DE1_SoC_QSYS_hps_0_hps_io:hps_io|DE1_SoC_QSYS_hps_0_hps_io_border:border|hps_sdram:hps_sdram_inst|hps_sdram_pll:pll|afi_clk_write_clk'
Slack : 0.143
TNS   : 0.000

Type  : Slow 1100mV 85C Model Hold 'i_CLOCK_50'
Slack : 0.238
TNS   : 0.000

Type  : Slow 1100mV 85C Model Hold 'u0|pll_sys|altera_pll_i|general[1].gpll~PLL_OUTPUT_COUNTER|divclk'
Slack : 0.360
TNS   : 0.000

Type  : Slow 1100mV 85C Model Hold 'u0|pll_sys|altera_pll_i|general[0].gpll~PLL_OUTPUT_COUNTER|divclk'
Slack : 0.362
TNS   : 0.000

Type  : Slow 1100mV 85C Model Hold 'u0|pll_sys|altera_pll_i|general[2].gpll~PLL_OUTPUT_COUNTER|divclk'
Slack : 0.377
TNS   : 0.000

Type  : Slow 1100mV 85C Model Recovery 'u0|pll_sys|altera_pll_i|general[2].gpll~PLL_OUTPUT_COUNTER|divclk'
Slack : 1.725
TNS   : 0.000

Type  : Slow 1100mV 85C Model Recovery 'u0|pll_sys|altera_pll_i|general[0].gpll~PLL_OUTPUT_COUNTER|divclk'
Slack : 2.061
TNS   : 0.000

Type  : Slow 1100mV 85C Model Recovery 'DE1_SoC_QSYS:u0|DE1_SoC_QSYS_hps_0:hps_0|DE1_SoC_QSYS_hps_0_hps_io:hps_io|DE1_SoC_QSYS_hps_0_hps_io_border:border|hps_sdram:hps_sdram_inst|hps_sdram_pll:pll|afi_clk_write_clk'
Slack : 3.405
TNS   : 0.000

Type  : Slow 1100mV 85C Model Recovery 'i_CLOCK_50'
Slack : 14.241
TNS   : 0.000

Type  : Slow 1100mV 85C Model Recovery 'u0|pll_sys|altera_pll_i|general[1].gpll~PLL_OUTPUT_COUNTER|divclk'
Slack : 14.582
TNS   : 0.000

Type  : Slow 1100mV 85C Model Removal 'DE1_SoC_QSYS:u0|DE1_SoC_QSYS_hps_0:hps_0|DE1_SoC_QSYS_hps_0_hps_io:hps_io|DE1_SoC_QSYS_hps_0_hps_io_border:border|hps_sdram:hps_sdram_inst|hps_sdram_pll:pll|afi_clk_write_clk'
Slack : 0.470
TNS   : 0.000

Type  : Slow 1100mV 85C Model Removal 'u0|pll_sys|altera_pll_i|general[2].gpll~PLL_OUTPUT_COUNTER|divclk'
Slack : 0.558
TNS   : 0.000

Type  : Slow 1100mV 85C Model Removal 'u0|pll_sys|altera_pll_i|general[1].gpll~PLL_OUTPUT_COUNTER|divclk'
Slack : 2.815
TNS   : 0.000

Type  : Slow 1100mV 85C Model Removal 'u0|pll_sys|altera_pll_i|general[0].gpll~PLL_OUTPUT_COUNTER|divclk'
Slack : 2.966
TNS   : 0.000

Type  : Slow 1100mV 85C Model Removal 'i_CLOCK_50'
Slack : 3.116
TNS   : 0.000

Type  : Slow 1100mV 85C Model Minimum Pulse Width 'DE1_SoC_QSYS:u0|DE1_SoC_QSYS_hps_0:hps_0|DE1_SoC_QSYS_hps_0_hps_io:hps_io|DE1_SoC_QSYS_hps_0_hps_io_border:border|hps_sdram:hps_sdram_inst|hps_sdram_pll:pll|pll_write_clk_dq_write_clk'
Slack : 0.608
TNS   : 0.000

Type  : Slow 1100mV 85C Model Minimum Pulse Width 'DE1_SoC_QSYS:u0|DE1_SoC_QSYS_hps_0:hps_0|DE1_SoC_QSYS_hps_0_hps_io:hps_io|DE1_SoC_QSYS_hps_0_hps_io_border:border|hps_sdram:hps_sdram_inst|hps_sdram_pll:pll|afi_clk_write_clk'
Slack : 0.623
TNS   : 0.000

Type  : Slow 1100mV 85C Model Minimum Pulse Width 'u0|pll_sys|altera_pll_i|general[0].gpll~FRACTIONAL_PLL|vcoph[0]'
Slack : 0.769
TNS   : 0.000

Type  : Slow 1100mV 85C Model Minimum Pulse Width 'comb_294|pll_adc_inst|altera_pll_i|general[0].gpll~FRACTIONAL_PLL|vcoph[0]'
Slack : 1.666
TNS   : 0.000

Type  : Slow 1100mV 85C Model Minimum Pulse Width 'u0|pll_sys|altera_pll_i|general[0].gpll~PLL_OUTPUT_COUNTER|divclk'
Slack : 2.604
TNS   : 0.000

Type  : Slow 1100mV 85C Model Minimum Pulse Width 'comb_294|pll_adc_inst|altera_pll_i|general[0].gpll~PLL_OUTPUT_COUNTER|divclk'
Slack : 4.300
TNS   : 0.000

Type  : Slow 1100mV 85C Model Minimum Pulse Width 'u0|pll_sys|altera_pll_i|general[2].gpll~PLL_OUTPUT_COUNTER|divclk'
Slack : 6.453
TNS   : 0.000

Type  : Slow 1100mV 85C Model Minimum Pulse Width 'i_CLOCK_50'
Slack : 9.220
TNS   : 0.000

Type  : Slow 1100mV 85C Model Minimum Pulse Width 'u0|pll_sys|altera_pll_i|general[1].gpll~PLL_OUTPUT_COUNTER|divclk'
Slack : 9.303
TNS   : 0.000

Type  : Slow 1100mV 0C Model Setup 'comb_294|pll_adc_inst|altera_pll_i|general[0].gpll~PLL_OUTPUT_COUNTER|divclk'
Slack : 0.330
TNS   : 0.000

Type  : Slow 1100mV 0C Model Setup 'u0|pll_sys|altera_pll_i|general[0].gpll~PLL_OUTPUT_COUNTER|divclk'
Slack : 1.582
TNS   : 0.000

Type  : Slow 1100mV 0C Model Setup 'DE1_SoC_QSYS:u0|DE1_SoC_QSYS_hps_0:hps_0|DE1_SoC_QSYS_hps_0_hps_io:hps_io|DE1_SoC_QSYS_hps_0_hps_io_border:border|hps_sdram:hps_sdram_inst|hps_sdram_pll:pll|afi_clk_write_clk'
Slack : 1.757
TNS   : 0.000

Type  : Slow 1100mV 0C Model Setup 'u0|pll_sys|altera_pll_i|general[2].gpll~PLL_OUTPUT_COUNTER|divclk'
Slack : 7.407
TNS   : 0.000

Type  : Slow 1100mV 0C Model Setup 'i_CLOCK_50'
Slack : 11.413
TNS   : 0.000

Type  : Slow 1100mV 0C Model Setup 'u0|pll_sys|altera_pll_i|general[1].gpll~PLL_OUTPUT_COUNTER|divclk'
Slack : 12.013
TNS   : 0.000

Type  : Slow 1100mV 0C Model Hold 'comb_294|pll_adc_inst|altera_pll_i|general[0].gpll~PLL_OUTPUT_COUNTER|divclk'
Slack : -2.746
TNS   : -2.746

Type  : Slow 1100mV 0C Model Hold 'DE1_SoC_QSYS:u0|DE1_SoC_QSYS_hps_0:hps_0|DE1_SoC_QSYS_hps_0_hps_io:hps_io|DE1_SoC_QSYS_hps_0_hps_io_border:border|hps_sdram:hps_sdram_inst|hps_sdram_pll:pll|afi_clk_write_clk'
Slack : 0.162
TNS   : 0.000

Type  : Slow 1100mV 0C Model Hold 'i_CLOCK_50'
Slack : 0.195
TNS   : 0.000

Type  : Slow 1100mV 0C Model Hold 'u0|pll_sys|altera_pll_i|general[0].gpll~PLL_OUTPUT_COUNTER|divclk'
Slack : 0.364
TNS   : 0.000

Type  : Slow 1100mV 0C Model Hold 'u0|pll_sys|altera_pll_i|general[1].gpll~PLL_OUTPUT_COUNTER|divclk'
Slack : 0.375
TNS   : 0.000

Type  : Slow 1100mV 0C Model Hold 'u0|pll_sys|altera_pll_i|general[2].gpll~PLL_OUTPUT_COUNTER|divclk'
Slack : 0.390
TNS   : 0.000

Type  : Slow 1100mV 0C Model Recovery 'u0|pll_sys|altera_pll_i|general[2].gpll~PLL_OUTPUT_COUNTER|divclk'
Slack : 1.773
TNS   : 0.000

Type  : Slow 1100mV 0C Model Recovery 'u0|pll_sys|altera_pll_i|general[0].gpll~PLL_OUTPUT_COUNTER|divclk'
Slack : 2.070
TNS   : 0.000

Type  : Slow 1100mV 0C Model Recovery 'DE1_SoC_QSYS:u0|DE1_SoC_QSYS_hps_0:hps_0|DE1_SoC_QSYS_hps_0_hps_io:hps_io|DE1_SoC_QSYS_hps_0_hps_io_border:border|hps_sdram:hps_sdram_inst|hps_sdram_pll:pll|afi_clk_write_clk'
Slack : 3.498
TNS   : 0.000

Type  : Slow 1100mV 0C Model Recovery 'i_CLOCK_50'
Slack : 14.255
TNS   : 0.000

Type  : Slow 1100mV 0C Model Recovery 'u0|pll_sys|altera_pll_i|general[1].gpll~PLL_OUTPUT_COUNTER|divclk'
Slack : 14.590
TNS   : 0.000

Type  : Slow 1100mV 0C Model Removal 'DE1_SoC_QSYS:u0|DE1_SoC_QSYS_hps_0:hps_0|DE1_SoC_QSYS_hps_0_hps_io:hps_io|DE1_SoC_QSYS_hps_0_hps_io_border:border|hps_sdram:hps_sdram_inst|hps_sdram_pll:pll|afi_clk_write_clk'
Slack : 0.460
TNS   : 0.000

Type  : Slow 1100mV 0C Model Removal 'u0|pll_sys|altera_pll_i|general[2].gpll~PLL_OUTPUT_COUNTER|divclk'
Slack : 0.510
TNS   : 0.000

Type  : Slow 1100mV 0C Model Removal 'u0|pll_sys|altera_pll_i|general[1].gpll~PLL_OUTPUT_COUNTER|divclk'
Slack : 2.824
TNS   : 0.000

Type  : Slow 1100mV 0C Model Removal 'u0|pll_sys|altera_pll_i|general[0].gpll~PLL_OUTPUT_COUNTER|divclk'
Slack : 2.978
TNS   : 0.000

Type  : Slow 1100mV 0C Model Removal 'i_CLOCK_50'
Slack : 3.129
TNS   : 0.000

Type  : Slow 1100mV 0C Model Minimum Pulse Width 'DE1_SoC_QSYS:u0|DE1_SoC_QSYS_hps_0:hps_0|DE1_SoC_QSYS_hps_0_hps_io:hps_io|DE1_SoC_QSYS_hps_0_hps_io_border:border|hps_sdram:hps_sdram_inst|hps_sdram_pll:pll|pll_write_clk_dq_write_clk'
Slack : 0.613
TNS   : 0.000

Type  : Slow 1100mV 0C Model Minimum Pulse Width 'DE1_SoC_QSYS:u0|DE1_SoC_QSYS_hps_0:hps_0|DE1_SoC_QSYS_hps_0_hps_io:hps_io|DE1_SoC_QSYS_hps_0_hps_io_border:border|hps_sdram:hps_sdram_inst|hps_sdram_pll:pll|afi_clk_write_clk'
Slack : 0.630
TNS   : 0.000

Type  : Slow 1100mV 0C Model Minimum Pulse Width 'u0|pll_sys|altera_pll_i|general[0].gpll~FRACTIONAL_PLL|vcoph[0]'
Slack : 0.769
TNS   : 0.000

Type  : Slow 1100mV 0C Model Minimum Pulse Width 'comb_294|pll_adc_inst|altera_pll_i|general[0].gpll~FRACTIONAL_PLL|vcoph[0]'
Slack : 1.666
TNS   : 0.000

Type  : Slow 1100mV 0C Model Minimum Pulse Width 'u0|pll_sys|altera_pll_i|general[0].gpll~PLL_OUTPUT_COUNTER|divclk'
Slack : 2.591
TNS   : 0.000

Type  : Slow 1100mV 0C Model Minimum Pulse Width 'comb_294|pll_adc_inst|altera_pll_i|general[0].gpll~PLL_OUTPUT_COUNTER|divclk'
Slack : 4.249
TNS   : 0.000

Type  : Slow 1100mV 0C Model Minimum Pulse Width 'u0|pll_sys|altera_pll_i|general[2].gpll~PLL_OUTPUT_COUNTER|divclk'
Slack : 6.432
TNS   : 0.000

Type  : Slow 1100mV 0C Model Minimum Pulse Width 'u0|pll_sys|altera_pll_i|general[1].gpll~PLL_OUTPUT_COUNTER|divclk'
Slack : 9.250
TNS   : 0.000

Type  : Slow 1100mV 0C Model Minimum Pulse Width 'i_CLOCK_50'
Slack : 9.277
TNS   : 0.000

Type  : Fast 1100mV 85C Model Setup 'DE1_SoC_QSYS:u0|DE1_SoC_QSYS_hps_0:hps_0|DE1_SoC_QSYS_hps_0_hps_io:hps_io|DE1_SoC_QSYS_hps_0_hps_io_border:border|hps_sdram:hps_sdram_inst|hps_sdram_pll:pll|afi_clk_write_clk'
Slack : 2.140
TNS   : 0.000

Type  : Fast 1100mV 85C Model Setup 'comb_294|pll_adc_inst|altera_pll_i|general[0].gpll~PLL_OUTPUT_COUNTER|divclk'
Slack : 3.489
TNS   : 0.000

Type  : Fast 1100mV 85C Model Setup 'u0|pll_sys|altera_pll_i|general[0].gpll~PLL_OUTPUT_COUNTER|divclk'
Slack : 4.265
TNS   : 0.000

Type  : Fast 1100mV 85C Model Setup 'u0|pll_sys|altera_pll_i|general[2].gpll~PLL_OUTPUT_COUNTER|divclk'
Slack : 10.641
TNS   : 0.000

Type  : Fast 1100mV 85C Model Setup 'u0|pll_sys|altera_pll_i|general[1].gpll~PLL_OUTPUT_COUNTER|divclk'
Slack : 14.352
TNS   : 0.000

Type  : Fast 1100mV 85C Model Setup 'i_CLOCK_50'
Slack : 14.394
TNS   : 0.000

Type  : Fast 1100mV 85C Model Hold 'comb_294|pll_adc_inst|altera_pll_i|general[0].gpll~PLL_OUTPUT_COUNTER|divclk'
Slack : -1.517
TNS   : -1.517

Type  : Fast 1100mV 85C Model Hold 'DE1_SoC_QSYS:u0|DE1_SoC_QSYS_hps_0:hps_0|DE1_SoC_QSYS_hps_0_hps_io:hps_io|DE1_SoC_QSYS_hps_0_hps_io_border:border|hps_sdram:hps_sdram_inst|hps_sdram_pll:pll|afi_clk_write_clk'
Slack : 0.084
TNS   : 0.000

Type  : Fast 1100mV 85C Model Hold 'i_CLOCK_50'
Slack : 0.139
TNS   : 0.000

Type  : Fast 1100mV 85C Model Hold 'u0|pll_sys|altera_pll_i|general[1].gpll~PLL_OUTPUT_COUNTER|divclk'
Slack : 0.176
TNS   : 0.000

Type  : Fast 1100mV 85C Model Hold 'u0|pll_sys|altera_pll_i|general[0].gpll~PLL_OUTPUT_COUNTER|divclk'
Slack : 0.178
TNS   : 0.000

Type  : Fast 1100mV 85C Model Hold 'u0|pll_sys|altera_pll_i|general[2].gpll~PLL_OUTPUT_COUNTER|divclk'
Slack : 0.182
TNS   : 0.000

Type  : Fast 1100mV 85C Model Recovery 'DE1_SoC_QSYS:u0|DE1_SoC_QSYS_hps_0:hps_0|DE1_SoC_QSYS_hps_0_hps_io:hps_io|DE1_SoC_QSYS_hps_0_hps_io_border:border|hps_sdram:hps_sdram_inst|hps_sdram_pll:pll|afi_clk_write_clk'
Slack : 3.757
TNS   : 0.000

Type  : Fast 1100mV 85C Model Recovery 'u0|pll_sys|altera_pll_i|general[2].gpll~PLL_OUTPUT_COUNTER|divclk'
Slack : 4.469
TNS   : 0.000

Type  : Fast 1100mV 85C Model Recovery 'u0|pll_sys|altera_pll_i|general[0].gpll~PLL_OUTPUT_COUNTER|divclk'
Slack : 4.607
TNS   : 0.000

Type  : Fast 1100mV 85C Model Recovery 'i_CLOCK_50'
Slack : 16.829
TNS   : 0.000

Type  : Fast 1100mV 85C Model Recovery 'u0|pll_sys|altera_pll_i|general[1].gpll~PLL_OUTPUT_COUNTER|divclk'
Slack : 17.047
TNS   : 0.000

Type  : Fast 1100mV 85C Model Removal 'u0|pll_sys|altera_pll_i|general[2].gpll~PLL_OUTPUT_COUNTER|divclk'
Slack : 0.305
TNS   : 0.000

Type  : Fast 1100mV 85C Model Removal 'DE1_SoC_QSYS:u0|DE1_SoC_QSYS_hps_0:hps_0|DE1_SoC_QSYS_hps_0_hps_io:hps_io|DE1_SoC_QSYS_hps_0_hps_io_border:border|hps_sdram:hps_sdram_inst|hps_sdram_pll:pll|afi_clk_write_clk'
Slack : 0.497
TNS   : 0.000

Type  : Fast 1100mV 85C Model Removal 'u0|pll_sys|altera_pll_i|general[1].gpll~PLL_OUTPUT_COUNTER|divclk'
Slack : 1.592
TNS   : 0.000

Type  : Fast 1100mV 85C Model Removal 'u0|pll_sys|altera_pll_i|general[0].gpll~PLL_OUTPUT_COUNTER|divclk'
Slack : 1.689
TNS   : 0.000

Type  : Fast 1100mV 85C Model Removal 'i_CLOCK_50'
Slack : 1.805
TNS   : 0.000

Type  : Fast 1100mV 85C Model Minimum Pulse Width 'u0|pll_sys|altera_pll_i|general[0].gpll~FRACTIONAL_PLL|vcoph[0]'
Slack : 0.769
TNS   : 0.000

Type  : Fast 1100mV 85C Model Minimum Pulse Width 'DE1_SoC_QSYS:u0|DE1_SoC_QSYS_hps_0:hps_0|DE1_SoC_QSYS_hps_0_hps_io:hps_io|DE1_SoC_QSYS_hps_0_hps_io_border:border|hps_sdram:hps_sdram_inst|hps_sdram_pll:pll|pll_write_clk_dq_write_clk'
Slack : 0.883
TNS   : 0.000

Type  : Fast 1100mV 85C Model Minimum Pulse Width 'DE1_SoC_QSYS:u0|DE1_SoC_QSYS_hps_0:hps_0|DE1_SoC_QSYS_hps_0_hps_io:hps_io|DE1_SoC_QSYS_hps_0_hps_io_border:border|hps_sdram:hps_sdram_inst|hps_sdram_pll:pll|afi_clk_write_clk'
Slack : 0.891
TNS   : 0.000

Type  : Fast 1100mV 85C Model Minimum Pulse Width 'comb_294|pll_adc_inst|altera_pll_i|general[0].gpll~FRACTIONAL_PLL|vcoph[0]'
Slack : 1.666
TNS   : 0.000

Type  : Fast 1100mV 85C Model Minimum Pulse Width 'u0|pll_sys|altera_pll_i|general[0].gpll~PLL_OUTPUT_COUNTER|divclk'
Slack : 2.726
TNS   : 0.000

Type  : Fast 1100mV 85C Model Minimum Pulse Width 'comb_294|pll_adc_inst|altera_pll_i|general[0].gpll~PLL_OUTPUT_COUNTER|divclk'
Slack : 4.552
TNS   : 0.000

Type  : Fast 1100mV 85C Model Minimum Pulse Width 'u0|pll_sys|altera_pll_i|general[2].gpll~PLL_OUTPUT_COUNTER|divclk'
Slack : 6.571
TNS   : 0.000

Type  : Fast 1100mV 85C Model Minimum Pulse Width 'i_CLOCK_50'
Slack : 9.098
TNS   : 0.000

Type  : Fast 1100mV 85C Model Minimum Pulse Width 'u0|pll_sys|altera_pll_i|general[1].gpll~PLL_OUTPUT_COUNTER|divclk'
Slack : 9.552
TNS   : 0.000

Type  : Fast 1100mV 0C Model Setup 'DE1_SoC_QSYS:u0|DE1_SoC_QSYS_hps_0:hps_0|DE1_SoC_QSYS_hps_0_hps_io:hps_io|DE1_SoC_QSYS_hps_0_hps_io_border:border|hps_sdram:hps_sdram_inst|hps_sdram_pll:pll|afi_clk_write_clk'
Slack : 2.140
TNS   : 0.000

Type  : Fast 1100mV 0C Model Setup 'comb_294|pll_adc_inst|altera_pll_i|general[0].gpll~PLL_OUTPUT_COUNTER|divclk'
Slack : 3.898
TNS   : 0.000

Type  : Fast 1100mV 0C Model Setup 'u0|pll_sys|altera_pll_i|general[0].gpll~PLL_OUTPUT_COUNTER|divclk'
Slack : 4.478
TNS   : 0.000

Type  : Fast 1100mV 0C Model Setup 'u0|pll_sys|altera_pll_i|general[2].gpll~PLL_OUTPUT_COUNTER|divclk'
Slack : 10.893
TNS   : 0.000

Type  : Fast 1100mV 0C Model Setup 'i_CLOCK_50'
Slack : 14.650
TNS   : 0.000

Type  : Fast 1100mV 0C Model Setup 'u0|pll_sys|altera_pll_i|general[1].gpll~PLL_OUTPUT_COUNTER|divclk'
Slack : 14.704
TNS   : 0.000

Type  : Fast 1100mV 0C Model Hold 'comb_294|pll_adc_inst|altera_pll_i|general[0].gpll~PLL_OUTPUT_COUNTER|divclk'
Slack : -1.531
TNS   : -1.531

Type  : Fast 1100mV 0C Model Hold 'DE1_SoC_QSYS:u0|DE1_SoC_QSYS_hps_0:hps_0|DE1_SoC_QSYS_hps_0_hps_io:hps_io|DE1_SoC_QSYS_hps_0_hps_io_border:border|hps_sdram:hps_sdram_inst|hps_sdram_pll:pll|afi_clk_write_clk'
Slack : 0.077
TNS   : 0.000

Type  : Fast 1100mV 0C Model Hold 'i_CLOCK_50'
Slack : 0.095
TNS   : 0.000

Type  : Fast 1100mV 0C Model Hold 'u0|pll_sys|altera_pll_i|general[1].gpll~PLL_OUTPUT_COUNTER|divclk'
Slack : 0.168
TNS   : 0.000

Type  : Fast 1100mV 0C Model Hold 'u0|pll_sys|altera_pll_i|general[0].gpll~PLL_OUTPUT_COUNTER|divclk'
Slack : 0.170
TNS   : 0.000

Type  : Fast 1100mV 0C Model Hold 'u0|pll_sys|altera_pll_i|general[2].gpll~PLL_OUTPUT_COUNTER|divclk'
Slack : 0.174
TNS   : 0.000

Type  : Fast 1100mV 0C Model Recovery 'DE1_SoC_QSYS:u0|DE1_SoC_QSYS_hps_0:hps_0|DE1_SoC_QSYS_hps_0_hps_io:hps_io|DE1_SoC_QSYS_hps_0_hps_io_border:border|hps_sdram:hps_sdram_inst|hps_sdram_pll:pll|afi_clk_write_clk'
Slack : 3.855
TNS   : 0.000

Type  : Fast 1100mV 0C Model Recovery 'u0|pll_sys|altera_pll_i|general[2].gpll~PLL_OUTPUT_COUNTER|divclk'
Slack : 4.528
TNS   : 0.000

Type  : Fast 1100mV 0C Model Recovery 'u0|pll_sys|altera_pll_i|general[0].gpll~PLL_OUTPUT_COUNTER|divclk'
Slack : 4.656
TNS   : 0.000

Type  : Fast 1100mV 0C Model Recovery 'i_CLOCK_50'
Slack : 16.887
TNS   : 0.000

Type  : Fast 1100mV 0C Model Recovery 'u0|pll_sys|altera_pll_i|general[1].gpll~PLL_OUTPUT_COUNTER|divclk'
Slack : 17.096
TNS   : 0.000

Type  : Fast 1100mV 0C Model Removal 'u0|pll_sys|altera_pll_i|general[2].gpll~PLL_OUTPUT_COUNTER|divclk'
Slack : 0.273
TNS   : 0.000

Type  : Fast 1100mV 0C Model Removal 'DE1_SoC_QSYS:u0|DE1_SoC_QSYS_hps_0:hps_0|DE1_SoC_QSYS_hps_0_hps_io:hps_io|DE1_SoC_QSYS_hps_0_hps_io_border:border|hps_sdram:hps_sdram_inst|hps_sdram_pll:pll|afi_clk_write_clk'
Slack : 0.473
TNS   : 0.000

Type  : Fast 1100mV 0C Model Removal 'u0|pll_sys|altera_pll_i|general[1].gpll~PLL_OUTPUT_COUNTER|divclk'
Slack : 1.548
TNS   : 0.000

Type  : Fast 1100mV 0C Model Removal 'u0|pll_sys|altera_pll_i|general[0].gpll~PLL_OUTPUT_COUNTER|divclk'
Slack : 1.646
TNS   : 0.000

Type  : Fast 1100mV 0C Model Removal 'i_CLOCK_50'
Slack : 1.755
TNS   : 0.000

Type  : Fast 1100mV 0C Model Minimum Pulse Width 'u0|pll_sys|altera_pll_i|general[0].gpll~FRACTIONAL_PLL|vcoph[0]'
Slack : 0.769
TNS   : 0.000

Type  : Fast 1100mV 0C Model Minimum Pulse Width 'DE1_SoC_QSYS:u0|DE1_SoC_QSYS_hps_0:hps_0|DE1_SoC_QSYS_hps_0_hps_io:hps_io|DE1_SoC_QSYS_hps_0_hps_io_border:border|hps_sdram:hps_sdram_inst|hps_sdram_pll:pll|pll_write_clk_dq_write_clk'
Slack : 0.887
TNS   : 0.000

Type  : Fast 1100mV 0C Model Minimum Pulse Width 'DE1_SoC_QSYS:u0|DE1_SoC_QSYS_hps_0:hps_0|DE1_SoC_QSYS_hps_0_hps_io:hps_io|DE1_SoC_QSYS_hps_0_hps_io_border:border|hps_sdram:hps_sdram_inst|hps_sdram_pll:pll|afi_clk_write_clk'
Slack : 0.894
TNS   : 0.000

Type  : Fast 1100mV 0C Model Minimum Pulse Width 'comb_294|pll_adc_inst|altera_pll_i|general[0].gpll~FRACTIONAL_PLL|vcoph[0]'
Slack : 1.666
TNS   : 0.000

Type  : Fast 1100mV 0C Model Minimum Pulse Width 'u0|pll_sys|altera_pll_i|general[0].gpll~PLL_OUTPUT_COUNTER|divclk'
Slack : 2.727
TNS   : 0.000

Type  : Fast 1100mV 0C Model Minimum Pulse Width 'comb_294|pll_adc_inst|altera_pll_i|general[0].gpll~PLL_OUTPUT_COUNTER|divclk'
Slack : 4.542
TNS   : 0.000

Type  : Fast 1100mV 0C Model Minimum Pulse Width 'u0|pll_sys|altera_pll_i|general[2].gpll~PLL_OUTPUT_COUNTER|divclk'
Slack : 6.571
TNS   : 0.000

Type  : Fast 1100mV 0C Model Minimum Pulse Width 'i_CLOCK_50'
Slack : 9.063
TNS   : 0.000

Type  : Fast 1100mV 0C Model Minimum Pulse Width 'u0|pll_sys|altera_pll_i|general[1].gpll~PLL_OUTPUT_COUNTER|divclk'
Slack : 9.541
TNS   : 0.000

------------------------------------------------------------
